// Jest Snapshot v1, https://goo.gl/fbAQLP

exports[`should render the component 1`] = `
<header
  className="css-uf1ume"
>
  <section
    className="css-ei4gva"
    onClick={[Function]}
    role="button"
  >
    <span />
    <span />
    <span />
  </section>
</header>
`;
