// Jest Snapshot v1, https://goo.gl/fbAQLP

exports[`Should render CurrencyChooser properly should return null open is false 1`] = `null`;
